// Jest Snapshot v1, https://goo.gl/fbAQLP

exports[`[Snapshot] SignIn screen renders correctly 1`] = `
<View
  accessibilityIgnoresInvertColors={true}
  style={
    {
      "flex": 1,
    }
  }
>
  <Image
    source={
      {
        "testUri": "../../../apps/assets/images/background.png",
      }
    }
    style={
      [
        {
          "bottom": 0,
          "left": 0,
          "position": "absolute",
          "right": 0,
          "top": 0,
        },
        {
          "height": undefined,
          "width": undefined,
        },
        undefined,
      ]
    }
  />
  <RCTSafeAreaView
    style={
      {
        "flex": 1,
      }
    }
  >
    <View
      style={
        {
          "flex": 1,
          "paddingHorizontal": 24,
        }
      }
    >
      <View
        onLayout={[Function]}
        style={
          [
            {
              "flex": 1,
            },
            {
              "paddingBottom": 0,
            },
          ]
        }
      >
        <View
          accessibilityState={
            {
              "busy": undefined,
              "checked": undefined,
              "disabled": undefined,
              "expanded": undefined,
              "selected": undefined,
            }
          }
          accessible={true}
          focusable={true}
          onClick={[Function]}
          onResponderGrant={[Function]}
          onResponderMove={[Function]}
          onResponderRelease={[Function]}
          onResponderTerminate={[Function]}
          onResponderTerminationRequest={[Function]}
          onStartShouldSetResponder={[Function]}
          style={
            {
              "flex": 1,
              "justifyContent": "center",
            }
          }
        >
          <View
            style={
              {
                "alignSelf": "center",
                "width": "100%",
              }
            }
          >
            <View
              style={
                {
                  "alignItems": "center",
                  "marginBottom": 20,
                }
              }
            >
              <Text
                style={
                  {
                    "color": "#000000",
                    "fontFamily": "Poppins-Medium",
                    "fontSize": 20,
                    "fontWeight": "800",
                    "marginBottom": 20,
                  }
                }
              >
                Welcome Onboard!
              </Text>
              <Image
                resizeMode="contain"
                source={
                  {
                    "testUri": "../../../apps/assets/images/back.png",
                  }
                }
              />
            </View>
            <View>
              <TextInput
                autoCapitalize="none"
                onChangeText={[Function]}
                onSubmitEditing={[Function]}
                placeholder="Enter your email"
                placeholderTextColor="#D7D7D7"
                style={
                  {
                    "backgroundColor": "#FFFFFF",
                    "borderColor": "#D7D7D7",
                    "borderRadius": 8,
                    "borderStyle": "solid",
                    "borderWidth": 1,
                    "color": "#000000",
                    "paddingHorizontal": 20,
                    "paddingVertical": 12,
                    "width": "100%",
                  }
                }
              />
              <View
                style={
                  {
                    "height": 30,
                    "justifyContent": "center",
                    "width": "100%",
                  }
                }
              />
              <View
                style={
                  {
                    "height": 12,
                    "width": "100%",
                  }
                }
              />
              <View
                style={
                  {
                    "height": 12,
                    "width": "100%",
                  }
                }
              />
              <View
                style={
                  {
                    "height": 12,
                    "width": "100%",
                  }
                }
              />
              <View
                accessibilityState={
                  {
                    "busy": undefined,
                    "checked": undefined,
                    "disabled": true,
                    "expanded": undefined,
                    "selected": undefined,
                  }
                }
                accessibilityValue={
                  {
                    "max": undefined,
                    "min": undefined,
                    "now": undefined,
                    "text": undefined,
                  }
                }
                accessible={true}
                collapsable={false}
                focusable={true}
                onClick={[Function]}
                onResponderGrant={[Function]}
                onResponderMove={[Function]}
                onResponderRelease={[Function]}
                onResponderTerminate={[Function]}
                onResponderTerminationRequest={[Function]}
                onStartShouldSetResponder={[Function]}
                style={
                  {
                    "alignItems": "center",
                    "backgroundColor": "#D7D7D7",
                    "borderColor": "#D7D7D7",
                    "borderRadius": 8,
                    "borderStyle": "solid",
                    "borderWidth": 1,
                    "flexDirection": "row",
                    "justifyContent": "center",
                    "minHeight": 42,
                    "minWidth": 42,
                    "opacity": 1,
                  }
                }
              >
                <Text
                  style={
                    [
                      {
                        "color": "#FFFFFF",
                        "fontFamily": "Poppins-Medium",
                        "fontSize": 14,
                        "fontWeight": "500",
                      },
                      {
                        "color": "#3E3E3E",
                      },
                    ]
                  }
                >
                  Sign In
                </Text>
              </View>
            </View>
          </View>
        </View>
      </View>
    </View>
  </RCTSafeAreaView>
</View>
`;
