// Jest Snapshot v1, https://goo.gl/fbAQLP

exports[`[Snapshot] Splash screen renders correctly 1`] = `
<View
  accessibilityIgnoresInvertColors={true}
  style={
    {
      "flex": 1,
    }
  }
>
  <Image
    source={
      {
        "testUri": "../../../apps/assets/images/background.png",
      }
    }
    style={
      [
        {
          "bottom": 0,
          "left": 0,
          "position": "absolute",
          "right": 0,
          "top": 0,
        },
        {
          "height": undefined,
          "width": undefined,
        },
        undefined,
      ]
    }
  />
  <RCTSafeAreaView
    style={
      {
        "flex": 1,
      }
    }
  >
    <View
      style={
        {
          "flex": 1,
          "paddingHorizontal": 24,
        }
      }
    >
      <View
        style={
          {
            "alignItems": "center",
            "flex": 1,
            "justifyContent": "center",
          }
        }
      >
        <Image
          resizeMode="contain"
          source={
            {
              "testUri": "../../../apps/assets/images/logofull.png",
            }
          }
        />
        <Text
          style={
            {
              "bottom": 20,
              "color": "#3E3E3E",
              "fontFamily": "Poppins-Medium",
              "fontSize": 12,
              "fontWeight": "500",
              "position": "absolute",
            }
          }
        >
          Made by Bruce Tran in 2024
        </Text>
      </View>
    </View>
  </RCTSafeAreaView>
</View>
`;
